14:51:12 **** Build of configuration Debug for project clk_div ****
make all 
make --no-print-directory pre-build
a9-linaro-pre-build-step
' '
make --no-print-directory main-build
'Building file: ../src/helloworld.c'
'Invoking: ARM v7 gcc compiler'
arm-none-eabi-gcc -Wall -O0 -g3 -c -fmessage-length=0 -MT"src/helloworld.o" -mcpu=cortex-a9 -mfpu=vfpv3 -mfloat-abi=hard -IC:/Users/17877/workspace/clk_div_scale_auto/clk_div_wrapper/export/clk_div_wrapper/sw/clk_div_wrapper/standalone_domain/bspinclude/include -MMD -MP -MF"src/helloworld.d" -MT"src/helloworld.o" -o "src/helloworld.o" "../src/helloworld.c"
'Finished building: ../src/helloworld.c'
' '
'Building file: ../src/platform.c'
'Invoking: ARM v7 gcc compiler'
arm-none-eabi-gcc -Wall -O0 -g3 -c -fmessage-length=0 -MT"src/platform.o" -mcpu=cortex-a9 -mfpu=vfpv3 -mfloat-abi=hard -IC:/Users/17877/workspace/clk_div_scale_auto/clk_div_wrapper/export/clk_div_wrapper/sw/clk_div_wrapper/standalone_domain/bspinclude/include -MMD -MP -MF"src/platform.d" -MT"src/platform.o" -o "src/platform.o" "../src/platform.c"
'Finished building: ../src/platform.c'
' '
'Building target: clk_div.elf'
'Invoking: ARM v7 gcc linker'
arm-none-eabi-gcc -mcpu=cortex-a9 -mfpu=vfpv3 -mfloat-abi=hard -Wl,-build-id=none -specs=Xilinx.spec -Wl,-T -Wl,../src/lscript.ld -LC:/Users/17877/workspace/clk_div_scale_auto/clk_div_wrapper/export/clk_div_wrapper/sw/clk_div_wrapper/standalone_domain/bsplib/lib -o "clk_div.elf"  ./src/helloworld.o ./src/platform.o   -Wl,--start-group,-lxil,-lgcc,-lc,--end-group
'Finished building target: clk_div.elf'
' '
'Invoking: ARM v7 Print Size'
arm-none-eabi-size clk_div.elf  |tee "clk_div.elf.size"
   text	   data	    bss	    dec	    hex	filename
  73919	   2568	  22656	  99143	  18347	clk_div.elf
'Finished building: clk_div.elf.size'
' '

14:51:13 Build Finished (took 1s.760ms)

