14:17:58 **** Build of configuration Debug for project xgpiops_polled_example_1 ****
make all 
make --no-print-directory pre-build
a9-linaro-pre-build-step
' '
make --no-print-directory main-build
'Building file: ../src/xgpiops_polled_example.c'
'Invoking: ARM v7 gcc compiler'
arm-none-eabi-gcc -Wall -O0 -g3 -c -fmessage-length=0 -MT"src/xgpiops_polled_example.o" -mcpu=cortex-a9 -mfpu=vfpv3 -mfloat-abi=hard -IC:/Users/17877/Vivado_Projects/project_clk_div_scale_auto/clk_div_wrapper_scale_auto/export/clk_div_wrapper_scale_auto/sw/clk_div_wrapper_scale_auto/standalone_ps7_cortexa9_0/bspinclude/include -MMD -MP -MF"src/xgpiops_polled_example.d" -MT"src/xgpiops_polled_example.o" -o "src/xgpiops_polled_example.o" "../src/xgpiops_polled_example.c"
'Finished building: ../src/xgpiops_polled_example.c'
' '
'Building target: xgpiops_polled_example_1.elf'
'Invoking: ARM v7 gcc linker'
arm-none-eabi-gcc -mcpu=cortex-a9 -mfpu=vfpv3 -mfloat-abi=hard -Wl,-build-id=none -specs=Xilinx.spec -Wl,-T -Wl,../src/lscript.ld -LC:/Users/17877/Vivado_Projects/project_clk_div_scale_auto/clk_div_wrapper_scale_auto/export/clk_div_wrapper_scale_auto/sw/clk_div_wrapper_scale_auto/standalone_ps7_cortexa9_0/bsplib/lib -o "xgpiops_polled_example_1.elf"  ./src/xgpiops_polled_example.o   -Wl,--start-group,-lxil,-lgcc,-lc,--end-group
'Finished building target: xgpiops_polled_example_1.elf'
' '
'Invoking: ARM v7 Print Size'
arm-none-eabi-size xgpiops_polled_example_1.elf  |tee "xgpiops_polled_example_1.elf.size"
   text	   data	    bss	    dec	    hex	filename
  26165	   1152	  22632	  49949	   c31d	xgpiops_polled_example_1.elf
'Finished building: xgpiops_polled_example_1.elf.size'
' '

14:17:59 Build Finished (took 858ms)

